// Jest Snapshot v1, https://goo.gl/fbAQLP

exports[`IndexPage component renders correctly renders correctly 1`] = `
<div>
  Example
</div>
`;
